src/chip8.cpp:10:14: error: definition of implicitly-declared 'chip8::chip8()'
 chip8::chip8()
              ^
src/chip8.cpp: In member function 'void chip8::ExecuteCpuCycle(uint16_t)':
src/chip8.cpp:65:5: error: expected ',' or ';' before '{' token
     {
     ^
src/chip8.cpp:76:59: error: request for member 'OpId' in 'data', which is of pointer type 'chip8::INSTRUCTION*' (maybe you meant to use '->' ?)
     void (*operation)(INSTRUCTION data) = operations[data.OpId];
                                                           ^
src/chip8.cpp:77:19: error: could not convert 'data' from 'chip8::INSTRUCTION*' to 'chip8::INSTRUCTION'
     operation(data);
                   ^
src/chip8.cpp: In member function 'void chip8::Execute_Subroutine(uint16_t)':
src/chip8.cpp:83:5: error: 'Stack' was not declared in this scope
     Stack.Push(PC);
     ^
src/chip8.cpp: In member function 'void chip8::Execute_ReturnFromSubroutine()':
src/chip8.cpp:94:8: warning: converting to non-pointer type 'uint16_t {aka short unsigned int}'
from NULL [-Wconversion-null]
     PC = NULL
        ^
src/chip8.cpp:95:1: error: expected ';' before '}' token
 }
 ^
make: *** [src/chip8.o] Error 1